[clothshop.nextstepweb.org/index-home-three.html]
[backblue.gif]
[fade.gif]
[index.html]
[clothshop.nextstepweb.org/js/jquery-3.4.1.min.js]
[clothshop.nextstepweb.org/index.html]
[clothshop.nextstepweb.org/images/main-logo-CS.png]
[clothshop.nextstepweb.org/login.html]
[clothshop.nextstepweb.org/wishlist.html]
[clothshop.nextstepweb.org/product-update.html]
[clothshop.nextstepweb.org/images/top-trend3.png]
[clothshop.nextstepweb.org/images/top-trend2.png]
[clothshop.nextstepweb.org/view-cart.html]
[clothshop.nextstepweb.org/checkout.html]
[clothshop.nextstepweb.org/index-home-two.html]
[clothshop.nextstepweb.org/shop.html]
[clothshop.nextstepweb.org/side-filter-shop.html]
[clothshop.nextstepweb.org/men-shop.html]
[clothshop.nextstepweb.org/women-shop.html]
[clothshop.nextstepweb.org/kids-shop.html]
[clothshop.nextstepweb.org/about-us.html]
[clothshop.nextstepweb.org/faq.html]
[clothshop.nextstepweb.org/register.html]
[clothshop.nextstepweb.org/404-page.html]
[clothshop.nextstepweb.org/coming-soon-page.html]
[clothshop.nextstepweb.org/blog.html]
[clothshop.nextstepweb.org/blog-single-page.html]
[clothshop.nextstepweb.org/event-page.html]
[clothshop.nextstepweb.org/contact.html]
[clothshop.nextstepweb.org/images/banner-slide-1.png]
[clothshop.nextstepweb.org/images/banner-slide-2.png]
[clothshop.nextstepweb.org/images/banner-slide-3.png]
[clothshop.nextstepweb.org/images/banner-slide-4.png]
[clothshop.nextstepweb.org/images/banner-slide-5.png]
[clothshop.nextstepweb.org/images/brand-1.png]
[clothshop.nextstepweb.org/images/brand-2.png]
[clothshop.nextstepweb.org/images/brand-3.png]
[clothshop.nextstepweb.org/images/brand-4.png]
[clothshop.nextstepweb.org/images/brand-5.png]
[clothshop.nextstepweb.org/images/brand-6.png]
[clothshop.nextstepweb.org/images/men-home-cetagory.webp]
[clothshop.nextstepweb.org/images/men-1.png]
[clothshop.nextstepweb.org/images/men-2.png]
[clothshop.nextstepweb.org/images/latest-offers1.png]
[clothshop.nextstepweb.org/images/women-2.png]
[clothshop.nextstepweb.org/images/women-home-cetagory.webp]
[clothshop.nextstepweb.org/images/kids-home-cetagory.png]
[clothshop.nextstepweb.org/images/kids-01.png]
[clothshop.nextstepweb.org/images/kids-02.png]
[clothshop.nextstepweb.org/images/kids-03.png]
[clothshop.nextstepweb.org/images/kids-05.png]
[clothshop.nextstepweb.org/images/video_banner.png]
[clothshop.nextstepweb.org/images/product3.png]
[clothshop.nextstepweb.org/images/product4.png]
[clothshop.nextstepweb.org/user-dashboard.html]
[clothshop.nextstepweb.org/images/apple-store.png]
[clothshop.nextstepweb.org/images/google-play.png]
[clothshop.nextstepweb.org/images/paypal.png]
[clothshop.nextstepweb.org/js/bootstrap.bundle.min.js]
[clothshop.nextstepweb.org/js/jquery.sticky.js]
[clothshop.nextstepweb.org/js/owl-carousel.min.js]
[clothshop.nextstepweb.org/js/jquery.magnific-popup.min.js]
[clothshop.nextstepweb.org/js/custom.js]
[clothshop.nextstepweb.org/index-home-three.html]
[clothshop.nextstepweb.org/images/favicon.html]
[clothshop.nextstepweb.org/css/font-awesome.min.css]
[clothshop.nextstepweb.org/css/bootstrap.min.css]
[clothshop.nextstepweb.org/css/owl-carousel.min.css]
[clothshop.nextstepweb.org/css/owl.theme.default.css]
[clothshop.nextstepweb.org/css/magnific-popup.css]
[clothshop.nextstepweb.org/index-2.html]
[clothshop.nextstepweb.org/images/subcribe-full.png]
[clothshop.nextstepweb.org/images/store-banner.png]
[clothshop.nextstepweb.org/images/kids-banner.png]
[clothshop.nextstepweb.org/images/women-banner.png]
[clothshop.nextstepweb.org/images/Men-banner.png]
[clothshop.nextstepweb.org/images/cart-banner.png]
[clothshop.nextstepweb.org/images/wishlist-banner.png]
[clothshop.nextstepweb.org/images/blog-banner.png]
[clothshop.nextstepweb.org/images/contact-page-bg.png]
[clothshop.nextstepweb.org/sass/style.css]
[clothshop.nextstepweb.org/css/responsive.css]
[clothshop.nextstepweb.org/images/product1.png]
[clothshop.nextstepweb.org/images/product2.png]
[clothshop.nextstepweb.org/images/top-trend4.png]
[clothshop.nextstepweb.org/images/kids-06.png]
[clothshop.nextstepweb.org/images/top-trend5.png]
[clothshop.nextstepweb.org/images/top-trend6.png]
[clothshop.nextstepweb.org/index.html]
[clothshop.nextstepweb.org/images/login-form-img.png]
[clothshop.nextstepweb.org/login.html]
[clothshop.nextstepweb.org/images/img-item-product.1.png]
[clothshop.nextstepweb.org/wishlist.html]
[clothshop.nextstepweb.org/images/user.1.jpg]
[clothshop.nextstepweb.org/product-update.html]
[clothshop.nextstepweb.org/view-cart.html]
[clothshop.nextstepweb.org/images/Cash-on_delivery.png]
[clothshop.nextstepweb.org/images/bkash.webp]
[clothshop.nextstepweb.org/images/nagad.png]
[clothshop.nextstepweb.org/images/ATM-card.png]
[clothshop.nextstepweb.org/checkout.html]
[clothshop.nextstepweb.org/index-home-two.html]
[clothshop.nextstepweb.org/images/fabric-1.png]
[clothshop.nextstepweb.org/images/combo-2.png]
[clothshop.nextstepweb.org/images/men-3.png]
[clothshop.nextstepweb.org/images/favric-2.png]
[clothshop.nextstepweb.org/images/combo-3.png]
[clothshop.nextstepweb.org/images/women-4.png]
[clothshop.nextstepweb.org/shop.html]
[clothshop.nextstepweb.org/side-filter-shop.html]
[clothshop.nextstepweb.org/images/men-4.png]
[clothshop.nextstepweb.org/images/men-5.png]
[clothshop.nextstepweb.org/images/men-6.png]
[clothshop.nextstepweb.org/images/men-7.png]
[clothshop.nextstepweb.org/images/men-8.png]
[clothshop.nextstepweb.org/images/men-9.png]
[clothshop.nextstepweb.org/images/men-10.png]
[clothshop.nextstepweb.org/images/top-trend1.png]
[clothshop.nextstepweb.org/men-shop.html]
[clothshop.nextstepweb.org/images/women-1.png]
[clothshop.nextstepweb.org/images/women-3.png]
[clothshop.nextstepweb.org/images/women-5.png]
[clothshop.nextstepweb.org/images/women-6.png]
[clothshop.nextstepweb.org/images/women-7.png]
[clothshop.nextstepweb.org/images/women-8.png]
[clothshop.nextstepweb.org/images/women-9.png]
[clothshop.nextstepweb.org/images/women-10.png]
[clothshop.nextstepweb.org/images/women-11.png]
[clothshop.nextstepweb.org/women-shop.html]
[clothshop.nextstepweb.org/images/kids-04.png]
[clothshop.nextstepweb.org/kids-shop.html]
[clothshop.nextstepweb.org/about-us.html]
[clothshop.nextstepweb.org/faq.html]
[clothshop.nextstepweb.org/news.html]
[clothshop.nextstepweb.org/images/register-form-img.png]
[clothshop.nextstepweb.org/register.html]
[clothshop.nextstepweb.org/404-page.html]
[clothshop.nextstepweb.org/coming-soon-page.html]
[clothshop.nextstepweb.org/images/blog-img1.png]
[clothshop.nextstepweb.org/images/blog-img2.png]
[clothshop.nextstepweb.org/images/blog-img3.png]
[clothshop.nextstepweb.org/blog.html]
[clothshop.nextstepweb.org/images/social-post-1.png]
[clothshop.nextstepweb.org/images/social-post-2.png]
[clothshop.nextstepweb.org/images/social-post-3.png]
[clothshop.nextstepweb.org/images/social-post-4.png]
[clothshop.nextstepweb.org/images/social-post-5.png]
[clothshop.nextstepweb.org/images/social-post-6.png]
[clothshop.nextstepweb.org/blog-single-page.html]
[clothshop.nextstepweb.org/images/kids-cetagory.png]
[clothshop.nextstepweb.org/images/women-12.png]
[clothshop.nextstepweb.org/event-page.html]
[clothshop.nextstepweb.org/contact.html]
[clothshop.nextstepweb.org/user-account.html]
[clothshop.nextstepweb.org/user-order.html]
[clothshop.nextstepweb.org/user-dashboard.html]
[clothshop.nextstepweb.org/index-2.html]
[clothshop.nextstepweb.org/css/owl.video.play.html]
[clothshop.nextstepweb.org/images/latest-offers1(2).html]
[clothshop.nextstepweb.org/user-account.html]
[clothshop.nextstepweb.org/user-order.html]
